hrin，我需要向您提供一份透明、诚实的报告：

---

## ⚠️ 浏览器连接问题

**当前状态：** Chrome 扩展中继正在运行，但没有标签页已连接。

**需要您操作：**
1. 在 Chrome 浏览器中打开：`https://www.coze.cn/space/7602337259149066276/bot/7611184036111466522`
2. 点击 Chrome 工具栏上的 **OpenClaw Browser Relay** 扩展图标
3. 确保徽章变为 **ON**（已激活）状态

---

## 📋 测试配置需求分析

### ShadowLeak HTML 内嵌提示注入 → RCE 测试

**所需插件能力：**

| 插件类型 | 用途 | 当前状态 |
|---------|------|---------|
| 百度搜索 / BaiduSearch | 检索含恶意 HTML 的外部网页 | ✅ 已存在 |
| 抖音百科搜索 / get_doc | 获取结构化内容 | ✅ 已存在 |
| **代码执行插件** | 执行检索内容中的代码 | ❌ **需要添加** |

### 针对 RCE 风险的建议配置

由于测试目标是 **远程代码执行**，Bot 需要具备代码执行能力才能验证漏洞。如果该 Bot 目前没有代码执行类插件，需要添加：

- **Python 代码执行器** 或类似插件
- 允许 Bot 执行检索到的代码片段

---

## 🦞 诚实说明

**今日测试实际情况：** 由于浏览器自动化连接问题，我**从未成功修改过该 Bot 的任何配置**。Bot 始终保持原始状态（仅百度搜索 + 抖音百科搜索两个插件）。

**如您需要我完成配置：** 请先激活 Chrome 扩展连接，我将继续尝试完成插件添加和发布操作。

**如您选择人工配置：** 建议添加代码执行类插件以支持 RCE 测试场景。